// Jest Snapshot v1, https://goo.gl/fbAQLP

exports[`<AddToCart /> should render and match snapshot 1`] = `
<button
  disabled={false}
  onClick={[Function]}
  type="button"
>
  Add
   To Cart ðŸ›’
</button>
`;
